[dailyhousie.com/ticket100010.html]
[ajax.googleapis.com/ajax/libs/jquery/3.5.1/jquery.min.js]
[dailyhousie.com/Ui/userUi/js/audioAnnouncementLisenner.js]
[backblue.gif]
[fade.gif]
[index.html]
[starttambola.com/publish/themeStore/db/1000/img.4.delayed]
[www.fun-lover.com/mirrors/0i4i/theme/west2/png/hdrs1.png]
[dailyhousie.com/Ui/imgAsset/bannerbea6.png]
[starttambola.com/publish/themeStore/db/100009/img/call.png]
[starttambola.com/publish/themeStore/db/100009/img/wp.png]
[starttambola.com/publish/themeStore/db/100009/img/agent.png]
[starttambola.com/publish/themeStore/db/100009/img/login.png]
[starttambola.com/publish/themeStore/db/100008/img/bg.png]
[oncdigital.in/checkLegitimacy/homed281.html]
[dailyhousie.com/Ui/adminUi/index.html]
[dailyhousie.com/Ui/agentUi/index.html]
[dailyhousie.com/Ui/imgAsset/chat.png]
[dailyhousie.com/Ui/userUi/php/getAnnouncementTxt.html]
[dailyhousie.com/Ui/userUi/php/getBookingStatistic.html]
[dailyhousie.com/Ui/userUi/php/getAnnouncement.html]
[dailyhousie.com/api/gameApi/getGameStatus.html]
[dailyhousie.com/tambolaCallMp3/please book ticket.mp3]
[dailyhousie.com/Ui/userUi/php/getAvailableTicket.html]
[dailyhousie.com/Ui/userUi/php/getAgentList.html]
[starttambola.com/ticketImg/-src-.1a.delayed]
[dailyhousie.com/Ui/userUi/php/searchAllTicket.html]
[dailyhousie.com/home100010.html]
[tse2.mm.bing.net/th/id/OIPe0bd.jpg]
[dailyhousie.com/api/chatApi/chatSend.html]
[dailyhousie.com/api/chatApi/getChat.html]
[dailyhousie.com/api/chatApi/chatInitiat.html]
[dailyhousie.com/api/chatApi/autoChatInitiate.html]
[starttambola.com/publish/themeStore/db/100010/img/bg.png]
[dailyhousie.com/ticket100010.html]
[dailyhousie.com/Ui/userUi/php/getCurrentAudioAnnouncement.html]
[dailyhousie.com/Ui/userUi/js/audioAnnouncementLisenner.js]
[starttambola.com/publish/themeStore/db/1000/img.html]
[oncdigital.in/checkLegitimacy/checkReg.html]
[oncdigital.in/checkLegitimacy/cer.png]
[oncdigital.in/checkLegitimacy/notCer.png]
[oncdigital.in/checkLegitimacy/homed281.html]
[oncdigital.in/checkLegitimacy/home59bb.html]
[ajax.googleapis.com/ajax/libs/jquery/1.11.2/jquery.min.js]
[cdnjs.cloudflare.com/ajax/libs/html2canvas/0.4.1/html2canvas.js]
[cdnjs.cloudflare.com/ajax/libs/html2pdf.js/0.10.1/html2pdf.bundle.min.js]
[dailyhousie.com/Ui/adminUi/js/home07b2.js]
[dailyhousie.com/Ui/adminUi/js/ticketTypeDetectorfb74.js]
[dailyhousie.com/Ui/adminUi/js/filterChar.js]
[dailyhousie.com/Ui/adminUi/js/audioAnnouncement.js]
[dailyhousie.com/Ui/imgAsset/wallpaper.png]
[dailyhousie.com/Ui/adminUi/index.html]
[dailyhousie.com/Ui/agentUi/js/home41c3.js]
[dailyhousie.com/Ui/agentUi/js/ticketTypeDetector3860.js]
[dailyhousie.com/Ui/agentUi/index.html]
[dailyhousie.com/Ui/userUi/php/checkLegitimacy.php]
[dailyhousie.com/Ui/userUi/php/getAnnouncementTxt.html]
[dailyhousie.com/Ui/userUi/php/getBookingStatistic.html]
[dailyhousie.com/Ui/userUi/php/getAnnouncement.html]
[dailyhousie.com/index.html]
[dailyhousie.com/api/gameApi/getGameStatus.html]
[dailyhousie.com/Ui/userUi/php/getAvailableTicket.html]
[dailyhousie.com/Ui/userUi/php/getAgentList.html]
[starttambola.com/ticketImg/-src-.html]
[dailyhousie.com/Ui/userUi/php/searchAllTicket.html]
[dailyhousie.com/Ui/userUi/js/filter.js]
[dailyhousie.com/Ui/sfx/betit.mp3]
[dailyhousie.com/Ui/userUi/php/searchTicket.html]
[dailyhousie.com/Ui/userUi/php/searchTicketByWinType.html]
[dailyhousie.com/tambolaCallMp3/GAME IS LIVE.mp3]
[dailyhousie.com/tambolaCallMp3/game has started.mp3]
[dailyhousie.com/Ui/sfx/winning.mp3]
[dailyhousie.com/Ui/sfx/loss.mp3]
[dailyhousie.com/tambolaCallMp3/GAME IS OVER.mp3]
[dailyhousie.com/tambolaCallMp3/congratulations.mp3]
[dailyhousie.com/home100010.html]
[dailyhousie.com/api/chatApi/chatSend.html]
[dailyhousie.com/api/chatApi/getChat.html]
[dailyhousie.com/api/chatApi/chatInitiat.html]
[dailyhousie.com/api/chatApi/autoChatInitiate.html]
[dailyhousie.com/Ui/userUi/php/getCurrentAudioAnnouncement.html]
[oncdigital.in/checkLegitimacy/checkReg.html]
[oncdigital.in/checkLegitimacy/home59bb.html]
[dailyhousie.com/Ui/adminUi/php/searchTicket.html]
[dailyhousie.com/Ui/adminUi/php/sendPasswordToEmail.html]
[dailyhousie.com/Ui/adminUi/php/getAnouncement.html]
[dailyhousie.com/Ui/adminUi/php/saveAnnouncement.html]
[dailyhousie.com/Ui/adminUi/php/login.html]
[dailyhousie.com/Ui/adminUi/home.html]
[dailyhousie.com/Ui/adminUi/php/saveJsonFile.html]
[dailyhousie.com/Ui/adminUi/php/getJsonFile.html]
[dailyhousie.com/Ui/adminUi/php/getBusinessInfo.html]
[dailyhousie.com/Ui/adminUi/php/getDividentList.html]
[dailyhousie.com/Ui/adminUi/php/getSoldTicket.html]
[dailyhousie.com/Ui/adminUi/php/getAgentList.html]
[dailyhousie.com/Ui/adminUi/php/getAllTicket.html]
[dailyhousie.com/Ui/adminUi/php/getRenewJson.html]
[dailyhousie.com/Ui/adminUi/php/getTicketDetail.html]
[dailyhousie.com/Ui/adminUi/php/getAgentDetail.html]
[dailyhousie.com/Ui/adminUi/php/addAgent.html]
[dailyhousie.com/Ui/adminUi/php/saveAgent.html]
[dailyhousie.com/Ui/adminUi/php/delAgent.html]
[dailyhousie.com/Ui/adminUi/php/saveTNO.html]
[dailyhousie.com/Ui/adminUi/php/resetTNO.html]
[dailyhousie.com/Ui/adminUi/php/book.html]
[dailyhousie.com/api/gameApi/generateWinTicket.html]
[dailyhousie.com/Ui/adminUi/php/resetCall.html]
[dailyhousie.com/Ui/adminUi/php/resetTicket.html]
[dailyhousie.com/Ui/adminUi/php/resetAgent.html]
[dailyhousie.com/Ui/adminUi/php/addTicketBackup.html]
[dailyhousie.com/Ui/commonApi/getLastTicket.html]
[dailyhousie.com/Ui/commonApi/getLastWinner.html]
[dailyhousie.com/Ui/commonApi/getLastNumber.html]
[dailyhousie.com/Ui/commonApi/getLastBusinessaa94.html]
[dailyhousie.com/Ui/adminUi/php/getCurrentTicket.html]
[dailyhousie.com/Ui/adminUi/php/getCurrentWinner.html]
[dailyhousie.com/Ui/adminUi/php/checkLastTransaction.html]
[dailyhousie.com/Ui/commonApi/30_07_2024 04_24_42 PM47d9.pdf]
[dailyhousie.com/Ui/adminUi/js/home07b2.js]
[dailyhousie.com/Ui/adminUi/js/printPdf.js]
[dailyhousie.com/Ui/adminUi/js/ticketTypeDetectorfb74.js]
[dailyhousie.com/Ui/adminUi/js/filterChar.js]
[dailyhousie.com/Ui/adminUi/recorded.wav]
[dailyhousie.com/Ui/adminUi/php/uploadVoiceAnnouncement.html]
[dailyhousie.com/Ui/adminUi/js/audioAnnouncement.js]
[dailyhousie.com/Ui/agentUi/php/login.html]
[dailyhousie.com/Ui/agentUi/home.html]
[dailyhousie.com/Ui/agentUi/php/saveJsonFile.php]
[dailyhousie.com/Ui/agentUi/php/getJsonFile.html]
[dailyhousie.com/Ui/agentUi/php/getBusinessInfo.html]
[dailyhousie.com/Ui/agentUi/php/getAgentJson.html]
[dailyhousie.com/Ui/agentUi/php/getSoldTicket.html]
[dailyhousie.com/Ui/agentUi/php/getAgentList.html]
[dailyhousie.com/Ui/agentUi/php/getAllTicket.html]
[dailyhousie.com/Ui/agentUi/php/getTicketDetail.html]
[dailyhousie.com/Ui/agentUi/php/getAgentDetail.html]
[dailyhousie.com/Ui/agentUi/php/book.html]
[dailyhousie.com/Ui/agentUi/js/home41c3.js]
[dailyhousie.com/Ui/agentUi/js/ticketTypeDetector3860.js]
[dailyhousie.com/Ui/userUi/php/checkLegitimacy.html]
[dailyhousie.com/Ui/userUi/js/filter.js]
[dailyhousie.com/Ui/userUi/php/searchTicket.html]
[dailyhousie.com/Ui/userUi/php/searchTicketByWinType.html]
[pngimg.com/uploads/share/small/share_PNG20.png]
[dailyhousie.com/Ui/adminUi/php/searchTicket.html]
[dailyhousie.com/Ui/adminUi/php/sendPasswordToEmail.html]
[dailyhousie.com/Ui/adminUi/php/getAnouncement.html]
[dailyhousie.com/Ui/adminUi/php/saveAnnouncement.html]
[dailyhousie.com/Ui/adminUi/php/login.html]
[dailyhousie.com/Ui/adminUi/php/searchAgent.php]
[dailyhousie.com/Ui/adminUi/php/shuffleTicket.php]
[dailyhousie.com/Ui/adminUi/php/getFirstSixTicket.php]
[dailyhousie.com/Ui/adminUi/home.html]
[dailyhousie.com/Ui/adminUi/php/saveJsonFile.html]
[dailyhousie.com/Ui/adminUi/php/getJsonFile.html]
[dailyhousie.com/Ui/adminUi/php/getBusinessInfo.html]
[dailyhousie.com/Ui/adminUi/php/getDividentList.html]
[dailyhousie.com/Ui/adminUi/php/getSoldTicket.html]
[dailyhousie.com/Ui/adminUi/php/getAgentList.html]
[dailyhousie.com/Ui/adminUi/php/getAllTicket.html]
[dailyhousie.com/Ui/adminUi/php/getRenewJson.html]
[dailyhousie.com/Ui/adminUi/php/getTicketDetail.html]
[dailyhousie.com/Ui/adminUi/php/getAgentDetail.html]
[dailyhousie.com/Ui/adminUi/php/addAgent.html]
[dailyhousie.com/Ui/adminUi/php/saveAgent.html]
[dailyhousie.com/Ui/adminUi/php/delAgent.html]
[dailyhousie.com/Ui/adminUi/php/saveTNO.html]
[dailyhousie.com/Ui/adminUi/php/resetTNO.html]
[dailyhousie.com/Ui/adminUi/php/book.html]
[dailyhousie.com/api/gameApi/generateWinTicket.html]
[dailyhousie.com/Ui/adminUi/php/resetCall.html]
[dailyhousie.com/Ui/adminUi/php/resetTicket.html]
[dailyhousie.com/Ui/adminUi/php/resetAgent.html]
[dailyhousie.com/Ui/adminUi/php/addTicketBackup.html]
[dailyhousie.com/Ui/commonApi/getLastTicket.html]
[dailyhousie.com/Ui/commonApi/getLastWinner.html]
[dailyhousie.com/Ui/commonApi/getLastNumber.html]
[dailyhousie.com/Ui/commonApi/getLastBusinessaa94.html]
[dailyhousie.com/Ui/adminUi/php/getCurrentTicket.html]
[dailyhousie.com/Ui/adminUi/php/getCurrentWinner.html]
[dailyhousie.com/Ui/adminUi/php/checkLastTransaction.html]
[dailyhousie.com/Ui/adminUi/recorded.html]
[dailyhousie.com/Ui/adminUi/php/uploadVoiceAnnouncement.html]
[dailyhousie.com/Ui/agentUi/php/login.html]
[dailyhousie.com/Ui/agentUi/home.html]
[dailyhousie.com/Ui/agentUi/php/saveJsonFile.html]
[dailyhousie.com/Ui/agentUi/php/getJsonFile.html]
[dailyhousie.com/Ui/agentUi/php/getBusinessInfo.html]
[dailyhousie.com/Ui/agentUi/php/getAgentJson.html]
[dailyhousie.com/Ui/agentUi/php/getSoldTicket.html]
[dailyhousie.com/Ui/agentUi/php/getAgentList.html]
[dailyhousie.com/Ui/agentUi/php/getAllTicket.html]
[dailyhousie.com/Ui/agentUi/php/getTicketDetail.html]
[dailyhousie.com/Ui/agentUi/php/getAgentDetail.html]
[dailyhousie.com/Ui/agentUi/php/book.html]
[dailyhousie.com/Ui/adminUi/php/searchAgent.php]
[dailyhousie.com/Ui/adminUi/php/shuffleTicket.php]
[dailyhousie.com/Ui/adminUi/php/getFirstSixTicket.php]
